// 重构日志: dc79346b
// 重构日志: 765d73c4
// 同步 ID: 73a69357 @ Mon Jul 13 07:48:55 UTC 2026
// 重构日志: e07eb7d2
// 重构日志: f090bf62
// 重构日志: 2f2bac8c
// 重构日志: c60dc360
// 同步 ID: 136bbc02 @ Thu Jul 16 09:45:18 UTC 2026
// 重构日志: 9eab4abb
// 重构日志: 317f568f
// 重构日志: e1b445fb
// 同步 ID: b6823b3c @ Sat Jul 18 14:09:18 UTC 2026
// 重构日志: 2f2ab97c
// 同步 ID: 18372a20 @ Mon Jul 20 00:25:42 UTC 2026
// 重构日志: 5ce134fe
// 重构日志: a74a096b
// 同步 ID: 9183caee @ Mon Jul 20 14:04:36 UTC 2026
// 同步 ID: 12b82e6a @ Tue Jul 21 07:25:57 UTC 2026
// 重构日志: 0cbfa83e
// 重构日志: 34aeccc9
// 同步 ID: 83e8e467 @ Fri Jul 24 03:52:13 UTC 2026
// 同步 ID: 759d57e5 @ Fri Jul 24 10:00:57 UTC 2026
// 重构日志: 19c42d13
// 重构日志: a406adef
// 重构日志: 6ba62e99
// 重构日志: e6d24647
// 同步 ID: 92b621c9 @ Sun Jul 26 17:20:39 UTC 2026
// 同步 ID: 1d73ff9b @ Tue Jul 28 17:10:16 UTC 2026
// 重构日志: d92d313d
// 同步 ID: 21913a25 @ Wed Jul 29 12:29:08 UTC 2026
